[20:22:09] [Server thread/INFO]: Starting minecraft server version 1.12.2
[20:22:09] [Server thread/INFO]: Loading properties
[20:22:09] [Server thread/INFO]: Default game type: SURVIVAL
[20:22:09] [Server thread/INFO]: This server is running Paper version git-Paper-1620 (MC: 1.12.2) (Implementing API version 1.12.2-R0.1-SNAPSHOT)
[20:22:09] [Server thread/INFO]: Debug logging is disabled
[20:22:09] [Server thread/INFO]: Server Ping Player Sample Count: 12
[20:22:09] [Server thread/INFO]: Using 4 threads for Netty based IO
[20:22:09] [Server thread/INFO]: Generating keypair
[20:22:10] [Server thread/INFO]: Starting Minecraft server on *:25565
[20:22:10] [Server thread/INFO]: Using epoll channel type
[20:22:11] [Server thread/ERROR]: Ambiguous plugin name `EaglerPluginInstaller' for files `plugins/EaglerPluginInstaller.jar' and `plugins/EaglerPluginInstaller-1.1.5.jar' in `plugins'
[20:22:11] [Server thread/ERROR]: Could not load 'plugins/Fapcraft.1.12.2.v1.1.jar' in folder 'plugins'
org.bukkit.plugin.InvalidDescriptionException: Invalid plugin.yml
	at org.bukkit.plugin.java.JavaPluginLoader.getPluginDescription(JavaPluginLoader.java:158) ~[patched_1.12.2.jar:git-Paper-1620]
	at org.bukkit.plugin.SimplePluginManager.loadPlugins(SimplePluginManager.java:136) ~[patched_1.12.2.jar:git-Paper-1620]
	at org.bukkit.craftbukkit.v1_12_R1.CraftServer.loadPlugins(CraftServer.java:318) ~[patched_1.12.2.jar:git-Paper-1620]
	at net.minecraft.server.v1_12_R1.DedicatedServer.init(DedicatedServer.java:222) ~[patched_1.12.2.jar:git-Paper-1620]
	at net.minecraft.server.v1_12_R1.MinecraftServer.run(MinecraftServer.java:616) ~[patched_1.12.2.jar:git-Paper-1620]
	at java.lang.Thread.run(Unknown Source) [?:?]
Caused by: java.util.zip.ZipException: zip END header not found
	at java.util.zip.ZipFile$Source.zerror(Unknown Source) ~[?:?]
	at java.util.zip.ZipFile$Source.findEND(Unknown Source) ~[?:?]
	at java.util.zip.ZipFile$Source.initCEN(Unknown Source) ~[?:?]
	at java.util.zip.ZipFile$Source.<init>(Unknown Source) ~[?:?]
	at java.util.zip.ZipFile$Source.get(Unknown Source) ~[?:?]
	at java.util.zip.ZipFile$CleanableResource.<init>(Unknown Source) ~[?:?]
	at java.util.zip.ZipFile$CleanableResource.get(Unknown Source) ~[?:?]
	at java.util.zip.ZipFile.<init>(Unknown Source) ~[?:?]
	at java.util.zip.ZipFile.<init>(Unknown Source) ~[?:?]
	at java.util.jar.JarFile.<init>(Unknown Source) ~[?:?]
	at java.util.jar.JarFile.<init>(Unknown Source) ~[?:?]
	at java.util.jar.JarFile.<init>(Unknown Source) ~[?:?]
	at org.bukkit.plugin.java.JavaPluginLoader.getPluginDescription(JavaPluginLoader.java:146) ~[patched_1.12.2.jar:git-Paper-1620]
	... 5 more
[20:22:11] [Server thread/INFO]: Set PluginClassLoader as parallel capable
[20:22:11] [Server thread/INFO]: [AuthMe] Loading AuthMe v5.6.0-bCUSTOM
[20:22:11] [Server thread/INFO]: [[EaglerPluginInstaller]] Loading EaglerPluginInstaller v1.1.4
[20:22:11] [Server thread/INFO]: [WorldEdit] Loading WorldEdit v5.5.7
[20:22:11] [Server thread/INFO]: [TPA] Loading TPA v2.2.2
[20:22:11] [Server thread/INFO]: [AdminFun] Loading AdminFun v2.0.7
[20:22:11] [Server thread/INFO]: [[EaglerPluginUpdater]] Loading EaglerPluginUpdater v1.1.2
[20:22:11] [Server thread/INFO]: [DupePatch] Loading DupePatch v1.0.0
[20:22:11] [Server thread/INFO]: Server permissions file permissions.yml is empty, ignoring it
[20:22:11] [Server thread/WARN]: **** SERVER IS RUNNING IN OFFLINE/INSECURE MODE!
[20:22:11] [Server thread/WARN]: The server will make no attempt to authenticate usernames. Beware.
[20:22:11] [Server thread/WARN]: While this makes the game possible to play without internet access, it also opens up the ability for hackers to connect with any username they choose.
[20:22:11] [Server thread/WARN]: To change this, set "online-mode" to "true" in the server.properties file.
[20:22:11] [Server thread/INFO]: **** Beginning UUID conversion, this may take A LONG time ****
[20:22:11] [Server thread/INFO]: Preparing level "world"
[20:22:11] [Server thread/INFO]: -------- World Settings For [world] --------
[20:22:11] [Server thread/INFO]: Mob Spawn Range: 4
[20:22:11] [Server thread/INFO]: Cactus Growth Modifier: 100%
[20:22:11] [Server thread/INFO]: Cane Growth Modifier: 100%
[20:22:11] [Server thread/INFO]: Melon Growth Modifier: 100%
[20:22:11] [Server thread/INFO]: Mushroom Growth Modifier: 100%
[20:22:11] [Server thread/INFO]: Pumpkin Growth Modifier: 100%
[20:22:11] [Server thread/INFO]: Sapling Growth Modifier: 100%
[20:22:11] [Server thread/INFO]: Wheat Growth Modifier: 100%
[20:22:11] [Server thread/INFO]: NetherWart Growth Modifier: 100%
[20:22:11] [Server thread/INFO]: Vine Growth Modifier: 100%
[20:22:11] [Server thread/INFO]: Cocoa Growth Modifier: 100%
[20:22:11] [Server thread/INFO]: Entity Activation Range: An 32 / Mo 32 / Mi 16 / Tiv true
[20:22:11] [Server thread/INFO]: Entity Tracking Range: Pl 48 / An 48 / Mo 48 / Mi 32 / Other 64
[20:22:11] [Server thread/INFO]: Hopper Transfer: 8 Hopper Check: 1 Hopper Amount: 1
[20:22:11] [Server thread/INFO]: Random Lighting Updates: false
[20:22:11] [Server thread/INFO]: Structure Info Saving: true
[20:22:11] [Server thread/INFO]: Custom Map Seeds:  Village: 10387312 Feature: 14357617 Monument: 10387313 Slime: 987234911
[20:22:11] [Server thread/INFO]: Max TNT Explosions: 100
[20:22:11] [Server thread/INFO]: Tile Max Tick Time: 50ms Entity max Tick Time: 50ms
[20:22:11] [Server thread/INFO]: View Distance: 5
[20:22:11] [Server thread/INFO]: Item Despawn Rate: 6000
[20:22:11] [Server thread/INFO]: Item Merge Radius: 2.5
[20:22:11] [Server thread/INFO]: Arrow Despawn Rate: 1200
[20:22:11] [Server thread/INFO]: Allow Zombie Pigmen to spawn from portal blocks: true
[20:22:11] [Server thread/INFO]: Experience Merge Radius: 3.0
[20:22:11] [Server thread/INFO]: Zombie Aggressive Towards Villager: true
[20:22:11] [Server thread/INFO]: Nerfing mobs spawned from spawners: false
[20:22:12] [Server thread/INFO]: -------- World Settings For [world_nether] --------
[20:22:12] [Server thread/INFO]: Mob Spawn Range: 4
[20:22:12] [Server thread/INFO]: Cactus Growth Modifier: 100%
[20:22:12] [Server thread/INFO]: Cane Growth Modifier: 100%
[20:22:12] [Server thread/INFO]: Melon Growth Modifier: 100%
[20:22:12] [Server thread/INFO]: Mushroom Growth Modifier: 100%
[20:22:12] [Server thread/INFO]: Pumpkin Growth Modifier: 100%
[20:22:12] [Server thread/INFO]: Sapling Growth Modifier: 100%
[20:22:12] [Server thread/INFO]: Wheat Growth Modifier: 100%
[20:22:12] [Server thread/INFO]: NetherWart Growth Modifier: 100%
[20:22:12] [Server thread/INFO]: Vine Growth Modifier: 100%
[20:22:12] [Server thread/INFO]: Cocoa Growth Modifier: 100%
[20:22:12] [Server thread/INFO]: Entity Activation Range: An 32 / Mo 32 / Mi 16 / Tiv true
[20:22:12] [Server thread/INFO]: Entity Tracking Range: Pl 48 / An 48 / Mo 48 / Mi 32 / Other 64
[20:22:12] [Server thread/INFO]: Hopper Transfer: 8 Hopper Check: 1 Hopper Amount: 1
[20:22:12] [Server thread/INFO]: Random Lighting Updates: false
[20:22:12] [Server thread/INFO]: Structure Info Saving: true
[20:22:12] [Server thread/INFO]: Custom Map Seeds:  Village: 10387312 Feature: 14357617 Monument: 10387313 Slime: 987234911
[20:22:12] [Server thread/INFO]: Max TNT Explosions: 100
[20:22:12] [Server thread/INFO]: Tile Max Tick Time: 50ms Entity max Tick Time: 50ms
[20:22:12] [Server thread/INFO]: View Distance: 5
[20:22:12] [Server thread/INFO]: Item Despawn Rate: 6000
[20:22:12] [Server thread/INFO]: Item Merge Radius: 2.5
[20:22:12] [Server thread/INFO]: Arrow Despawn Rate: 1200
[20:22:12] [Server thread/INFO]: Allow Zombie Pigmen to spawn from portal blocks: true
[20:22:12] [Server thread/INFO]: Experience Merge Radius: 3.0
[20:22:12] [Server thread/INFO]: Zombie Aggressive Towards Villager: true
[20:22:12] [Server thread/INFO]: Nerfing mobs spawned from spawners: false
[20:22:12] [Server thread/INFO]: -------- World Settings For [world_the_end] --------
[20:22:12] [Server thread/INFO]: Mob Spawn Range: 4
[20:22:12] [Server thread/INFO]: Cactus Growth Modifier: 100%
[20:22:12] [Server thread/INFO]: Cane Growth Modifier: 100%
[20:22:12] [Server thread/INFO]: Melon Growth Modifier: 100%
[20:22:12] [Server thread/INFO]: Mushroom Growth Modifier: 100%
[20:22:12] [Server thread/INFO]: Pumpkin Growth Modifier: 100%
[20:22:12] [Server thread/INFO]: Sapling Growth Modifier: 100%
[20:22:12] [Server thread/INFO]: Wheat Growth Modifier: 100%
[20:22:12] [Server thread/INFO]: NetherWart Growth Modifier: 100%
[20:22:12] [Server thread/INFO]: Vine Growth Modifier: 100%
[20:22:12] [Server thread/INFO]: Cocoa Growth Modifier: 100%
[20:22:12] [Server thread/INFO]: Entity Activation Range: An 32 / Mo 32 / Mi 16 / Tiv true
[20:22:12] [Server thread/INFO]: Entity Tracking Range: Pl 48 / An 48 / Mo 48 / Mi 32 / Other 64
[20:22:12] [Server thread/INFO]: Hopper Transfer: 8 Hopper Check: 1 Hopper Amount: 1
[20:22:12] [Server thread/INFO]: Random Lighting Updates: false
[20:22:12] [Server thread/INFO]: Structure Info Saving: true
[20:22:12] [Server thread/INFO]: Custom Map Seeds:  Village: 10387312 Feature: 14357617 Monument: 10387313 Slime: 987234911
[20:22:12] [Server thread/INFO]: Max TNT Explosions: 100
[20:22:12] [Server thread/INFO]: Tile Max Tick Time: 50ms Entity max Tick Time: 50ms
[20:22:12] [Server thread/INFO]: View Distance: 5
[20:22:12] [Server thread/INFO]: Item Despawn Rate: 6000
[20:22:12] [Server thread/INFO]: Item Merge Radius: 2.5
[20:22:12] [Server thread/INFO]: Arrow Despawn Rate: 1200
[20:22:12] [Server thread/INFO]: Allow Zombie Pigmen to spawn from portal blocks: true
[20:22:12] [Server thread/INFO]: Experience Merge Radius: 3.0
[20:22:12] [Server thread/INFO]: Zombie Aggressive Towards Villager: true
[20:22:12] [Server thread/INFO]: Nerfing mobs spawned from spawners: false
[20:22:13] [Server thread/INFO]: Preparing start region for level 0 (Seed: 2291877973355258348)
[20:22:14] [Server thread/INFO]: Preparing spawn area: 0%
[20:22:15] [Server thread/INFO]: Preparing spawn area: 11%
[20:22:16] [Server thread/INFO]: Preparing start region for level 1 (Seed: 2291877973355258348)
[20:22:17] [Server thread/INFO]: Preparing spawn area: 9%
[20:22:17] [Server thread/INFO]: Preparing start region for level 2 (Seed: 2291877973355258348)
[20:22:17] [Server thread/INFO]: [AuthMe] Enabling AuthMe v5.6.0-bCUSTOM
[20:22:18] [Server thread/INFO]: [AuthMe] SQLite Setup finished
[20:22:18] [Server thread/INFO]: [AuthMe] No supported permissions system found! Permissions are disabled!
[20:22:18] [Server thread/WARN]: [AuthMe] WARNING! The protectInventory feature requires ProtocolLib! Disabling it...
[20:22:19] [Server thread/INFO]: [AuthMe] AuthMe 5.6.0 build n.CUSTOM successfully enabled!
[20:22:19] [Server thread/INFO]: [[EaglerPluginInstaller]] Enabling EaglerPluginInstaller v1.1.4
[20:22:19] [Server thread/INFO]: Check 1 passed
[20:22:20] [Server thread/INFO]: Check 3 passed
[20:22:20] [Server thread/INFO]: --------------------------------------------
[20:22:20] [Server thread/INFO]: --------------------------------------------
[20:22:20] [Server thread/INFO]: [EaglerPluginInstaller] EaglerPluginInstaller V1.1.5 is now Enabled! :D
[20:22:20] [Server thread/INFO]: To use PluginInstaller, run the command "/install <pluginname>" ("install <pluginname>" in console) to install a plugin
[20:22:20] [Server thread/INFO]: To get a list of installable plugins, use the command "/plist" or "plist" in console
[20:22:20] [Server thread/INFO]: You can request to add a new plugin to the database by going to https://github.com/darverdevs/PluginInstallerRepo/tree/main
[20:22:20] [Server thread/INFO]: and creating an issue or pull request of the plugin you want to add
[20:22:20] [Server thread/INFO]: --------------------------------------------
[20:22:20] [Server thread/INFO]: --------------------------------------------
[20:22:20] [Server thread/INFO]: [WorldEdit] Enabling WorldEdit v5.5.7
[20:22:20] [Server thread/INFO]: WEPIF: Using the Bukkit Permissions API.
[20:22:20] [Server thread/INFO]: [TPA] Enabling TPA v2.2.2
[20:22:20] [Server thread/INFO]: [AdminFun] Enabling AdminFun v2.0.7
[20:22:20] [Server thread/INFO]: AdminFun v2.0.7 is now enabled.
[20:22:20] [Server thread/INFO]: [[EaglerPluginUpdater]] Enabling EaglerPluginUpdater v1.1.2
[20:22:20] [Server thread/INFO]: [[EaglerPluginInstaller]] Disabling EaglerPluginInstaller v1.1.4
[20:22:20] [Server thread/INFO]: --------------------------------------------
[20:22:20] [Server thread/INFO]: --------------------------------------------
[20:22:20] [Server thread/INFO]: [EaglerPluginInstaller] PluginInstaller V1.1.5 is now Disabled! D:
[20:22:20] [Server thread/INFO]: --------------------------------------------
[20:22:20] [Server thread/INFO]: --------------------------------------------
[20:22:20] [Server thread/INFO]: [[EaglerPluginInstaller]] Enabling EaglerPluginInstaller v1.1.4
[20:22:20] [Server thread/WARN]: Enabled plugin with unregistered PluginClassLoader EaglerPluginInstaller v1.1.4
[20:22:20] [Server thread/INFO]: Check 1 passed
[20:22:20] [Server thread/INFO]: Check 3 passed
[20:22:20] [Server thread/INFO]: --------------------------------------------
[20:22:20] [Server thread/INFO]: --------------------------------------------
[20:22:20] [Server thread/INFO]: [EaglerPluginInstaller] EaglerPluginInstaller V1.1.5 is now Enabled! :D
[20:22:20] [Server thread/INFO]: To use PluginInstaller, run the command "/install <pluginname>" ("install <pluginname>" in console) to install a plugin
[20:22:20] [Server thread/INFO]: To get a list of installable plugins, use the command "/plist" or "plist" in console
[20:22:20] [Server thread/INFO]: You can request to add a new plugin to the database by going to https://github.com/darverdevs/PluginInstallerRepo/tree/main
[20:22:20] [Server thread/INFO]: and creating an issue or pull request of the plugin you want to add
[20:22:20] [Server thread/INFO]: --------------------------------------------
[20:22:20] [Server thread/INFO]: --------------------------------------------
[20:22:20] [Server thread/INFO]: --------------------------------------------
[20:22:20] [Server thread/INFO]: --------------------------------------------
[20:22:20] [Server thread/INFO]: [EaglerPluginUpdater] EaglerPluginUpdater V1.1.2 is now Enabled! :D
[20:22:20] [Server thread/INFO]: You do not need to do anything, this plugin will automatically update your PluginUpdater on startup
[20:22:21] [Server thread/INFO]: --------------------------------------------
[20:22:21] [Server thread/INFO]: --------------------------------------------
[20:22:21] [Server thread/INFO]: [DupePatch] Enabling DupePatch v1.0.0
[20:22:21] [Server thread/INFO]: Done (9.634s)! For help, type "help" or "?"
[20:22:21] [Server thread/INFO]: Timings Reset
[20:22:21] [Craft Scheduler Thread - 2/INFO]: [AuthMe] Downloading GEO IP database, because the old database is older than 30 days or doesn't exist
[20:22:21] [Craft Scheduler Thread - 2/WARN]: [AuthMe] No MaxMind credentials found in the configuration file! GeoIp protections will be disabled.
[20:22:21] [Craft Scheduler Thread - 2/INFO]: [AuthMe] There is no newer GEO IP database uploaded to MaxMind. Using the old one for now.
[20:22:21] [Craft Scheduler Thread - 2/WARN]: [AuthMe] Could not download GeoLiteAPI database [FileNotFoundException]: plugins/AuthMe/GeoLite2-Country.mmdb (No such file or directory)
[20:24:16] [User Authenticator #1/INFO]: UUID of player Bodeman115 is f22a1207-e568-3976-bf72-f2bf1647e46a
[20:24:17] [Server thread/INFO]: Bodeman115[/0:0:0:0:0:0:0:1%0:44686] logged in with entity id 44 at ([world]-276.3694858417871, 79.0, 4986.662347633845)
[20:24:22] [User Authenticator #1/INFO]: UUID of player leif_ is 3751325d-0ee9-3ce7-8116-c5483ea98779
[20:24:22] [Server thread/INFO]: leif_[/0:0:0:0:0:0:0:1%0:44700] logged in with entity id 113 at ([world]27.699999988079067, 8.0, 5008.459350647712)
[20:24:28] [Craft Scheduler Thread - 16/INFO]: [AuthMe] The user Bodeman115 has 21 accounts:
[20:24:28] [Craft Scheduler Thread - 16/INFO]: [AuthMe] jamar_higgs, cobalt, paxton, yeeryee1142_, skibidi_toilet, leif_, cullen, heny, Bodeman115, masonclaus, nate_higgers69_, dying_fetus_porn, d_piddy, nate_higgers, fingermesideways, bodeman115_v2, dodecahedron, dihcrackhw, copper_block, vivy, bodeman1150.
[20:24:28] [Craft Scheduler Thread - 16/INFO]: [AuthMe] Bodeman115 logged in 0:0:0:0:0:0:0:1%0
[20:24:32] [Async Chat Thread - #0/INFO]: <Bodeman115> yo
[20:24:36] [Craft Scheduler Thread - 17/INFO]: [AuthMe] The user leif_ has 21 accounts:
[20:24:36] [Craft Scheduler Thread - 17/INFO]: [AuthMe] jamar_higgs, cobalt, paxton, yeeryee1142_, skibidi_toilet, leif_, cullen, heny, Bodeman115, masonclaus, nate_higgers69_, dying_fetus_porn, d_piddy, nate_higgers, fingermesideways, bodeman115_v2, dodecahedron, dihcrackhw, copper_block, vivy, bodeman1150.
[20:24:36] [Craft Scheduler Thread - 17/INFO]: [AuthMe] leif_ logged in 0:0:0:0:0:0:0:1%0
[20:24:39] [Async Chat Thread - #0/INFO]: <leif_> hi bode
[20:24:43] [Server thread/INFO]: Bodeman115 issued server command: /gamemode c
[20:24:43] [Server thread/INFO]: [Bodeman115: Set own game mode to Creative Mode]
[20:25:00] [Server thread/INFO]: Bodeman115 issued server command: /gamemode s
[20:25:00] [Server thread/INFO]: [Bodeman115: Set own game mode to Survival Mode]
[20:25:05] [Async Chat Thread - #0/INFO]: <leif_> im still at school waiting for my parents to get on
[20:25:08] [Server thread/WARN]: [Minecraft.WorldEdit] [WorldEdit] No compatible nms block class found.
[20:25:15] [Async Chat Thread - #0/INFO]: <Bodeman115> damn
[20:26:20] [User Authenticator #2/INFO]: UUID of player masonclaus is 9644e7f4-50fe-3930-8c9f-7e8401f8cd61
[20:26:20] [Server thread/INFO]: masonclaus[/0:0:0:0:0:0:0:1%0:37836] logged in with entity id 320 at ([world]-2555.524201293437, 64.0, 791.4988731937417)
[20:26:25] [Async Chat Thread - #1/INFO]: <leif_> can you leave th server on while being off your computer
[20:26:27] [Craft Scheduler Thread - 30/INFO]: [AuthMe] The user masonclaus has 21 accounts:
[20:26:27] [Craft Scheduler Thread - 30/INFO]: [AuthMe] jamar_higgs, cobalt, paxton, yeeryee1142_, skibidi_toilet, leif_, cullen, heny, Bodeman115, masonclaus, nate_higgers69_, dying_fetus_porn, d_piddy, nate_higgers, fingermesideways, bodeman115_v2, dodecahedron, dihcrackhw, copper_block, vivy, bodeman1150.
[20:26:27] [Craft Scheduler Thread - 30/INFO]: [AuthMe] masonclaus logged in 0:0:0:0:0:0:0:1%0
[20:26:33] [Async Chat Thread - #1/INFO]: <Bodeman115> i can try
[20:26:46] [Async Chat Thread - #1/INFO]: <leif_> aight
[20:26:49] [Server thread/INFO]: masonclaus hit the ground too hard
[20:27:12] [Server thread/INFO]: Bodeman115 issued server command: /gamemode c
[20:27:12] [Server thread/INFO]: [Bodeman115: Set own game mode to Creative Mode]
[20:27:33] [Server thread/INFO]: leif_ issued server command: /tpa masonclaus
[20:27:38] [Server thread/INFO]: masonclaus issued server command: /tpaccept
[20:27:42] [Server thread/INFO]: leif_ issued server command: /home
[20:29:30] [Server thread/INFO]: Bodeman115 issued server command: /gamemode s
[20:29:30] [Server thread/INFO]: [Bodeman115: Set own game mode to Survival Mode]
[20:30:02] [Server thread/INFO]: masonclaus lost connection: Disconnected
[20:30:02] [Server thread/INFO]: masonclaus left the game
[20:30:05] [Async Chat Thread - #2/INFO]: <Bodeman115> leif tpa to me
[20:30:49] [Async Chat Thread - #2/INFO]: <Bodeman115> leif i found the end portal
[20:30:54] [Async Chat Thread - #2/INFO]: <leif_> sweet
[20:30:58] [Async Chat Thread - #2/INFO]: <leif_> cords?
[20:31:00] [Async Chat Thread - #2/INFO]: <Bodeman115> wanna tpa
[20:31:05] [Async Chat Thread - #2/INFO]: <leif_> nah
[20:31:20] [Async Chat Thread - #2/INFO]: <leif_> im not prepared enough
[20:31:28] [Async Chat Thread - #2/INFO]: <leif_> cords?
[20:31:41] [Async Chat Thread - #2/INFO]: <Bodeman115> its -3022 12 4985
[20:31:56] [Async Chat Thread - #2/INFO]: <Bodeman115> kinda far
[20:35:22] [Async Chat Thread - #3/INFO]: <leif_> dont kill the dragon yet
[20:35:34] [Async Chat Thread - #3/INFO]: <Bodeman115> nah i aint gunna for a bit
[20:35:48] [Async Chat Thread - #3/INFO]: <leif_> yeah cus if you do people get bored of the server and then leave
[20:35:55] [Async Chat Thread - #3/INFO]: <Bodeman115> yeah
[20:37:05] [Async Chat Thread - #4/INFO]: <Bodeman115> thats kinda why i dont want you server up at non school hrs
[20:37:16] [Async Chat Thread - #4/INFO]: <leif_> yead
[20:37:25] [Async Chat Thread - #4/INFO]: <Bodeman115> so peopld dont greef and progress fast
[20:37:35] [Async Chat Thread - #4/INFO]: <leif_> just make a rule that if you beat the dragon you will get banned
[20:37:41] [Async Chat Thread - #4/INFO]: <Bodeman115> nah
[20:40:06] [Server thread/INFO]: leif_ has made the advancement [Cover Me With Diamonds]
[20:40:10] [Async Chat Thread - #5/INFO]: <Bodeman115> im on my reg pc and i get about 700-2000 fps
[20:40:19] [Async Chat Thread - #5/INFO]: <leif_> holy sheet
[20:40:31] [Async Chat Thread - #5/INFO]: <Bodeman115> gtg
[20:40:32] [Server thread/INFO]: Bodeman115 lost connection: Disconnected
[20:40:32] [Server thread/INFO]: Bodeman115 left the game
[20:41:39] [Server thread/INFO]: [Server] i see you leif
[20:41:44] [Async Chat Thread - #6/INFO]: <leif_> gulp
[20:41:50] [Async Chat Thread - #6/INFO]: <leif_> what im doing
[20:41:58] [Server thread/INFO]: [Server] playing minecraft
[20:42:02] [Async Chat Thread - #6/INFO]: <leif_> oh
[20:42:03] [Async Chat Thread - #6/INFO]: <leif_> lmao
[20:43:52] [User Authenticator #3/INFO]: UUID of player Cobalt is 69d9e634-affb-3c5a-b905-d78f70d5a122
[20:43:52] [Server thread/INFO]: Cobalt[/0:0:0:0:0:0:0:1%0:46462] logged in with entity id 2567 at ([world]-21.35213461419537, 7.0, 4997.58000581052)
[20:43:56] [Async Chat Thread - #7/INFO]: <leif_> hi daniel
[20:43:59] [Craft Scheduler Thread - 159/INFO]: [AuthMe] The user Cobalt has 21 accounts:
[20:43:59] [Craft Scheduler Thread - 159/INFO]: [AuthMe] jamar_higgs, Cobalt, paxton, yeeryee1142_, skibidi_toilet, leif_, cullen, heny, bodeman115, masonclaus, nate_higgers69_, dying_fetus_porn, d_piddy, nate_higgers, fingermesideways, bodeman115_v2, dodecahedron, dihcrackhw, copper_block, vivy, bodeman1150.
[20:43:59] [Craft Scheduler Thread - 159/INFO]: [AuthMe] Cobalt logged in 0:0:0:0:0:0:0:1%0
[20:44:00] [Async Chat Thread - #7/INFO]: <Cobalt> hi
[20:45:48] [Server thread/INFO]: leif_ has made the advancement [Sweet dreams]
[20:46:02] [Async Chat Thread - #8/INFO]: <Cobalt> wait sleep again rq
[20:52:47] [Server thread/INFO]: leif_ has made the advancement [Hot Stuff]
[21:00:27] [Server thread/INFO]: leif_ lost connection: Disconnected
[21:00:27] [Server thread/INFO]: leif_ left the game
[21:11:58] [Server thread/INFO]: [Server] dan you here?
[21:12:00] [Async Chat Thread - #9/INFO]: <Cobalt> ya
[21:12:05] [Server thread/INFO]: [Server] oh hi
[21:12:06] [Async Chat Thread - #9/INFO]: <Cobalt> i found a ss of my base coords
[21:12:11] [Async Chat Thread - #9/INFO]: <Cobalt> old base
[21:12:15] [Async Chat Thread - #9/INFO]: <Cobalt> so im going back to there
[21:12:17] [Server thread/INFO]: [Server] sic
[21:12:47] [Server thread/INFO]: [Server] anyone els here
[21:12:51] [Async Chat Thread - #9/INFO]: <Cobalt> nah
[21:16:45] [Async Chat Thread - #10/INFO]: <Cobalt> reached my old base
[21:16:55] [Server thread/INFO]: [Server] cool
[21:39:33] [User Authenticator #4/INFO]: UUID of player skibidi_toilet is fc9742a0-1735-33aa-aa6c-ca922990afa9
[21:39:33] [Server thread/INFO]: skibidi_toilet[/0:0:0:0:0:0:0:1%0:43914] logged in with entity id 9862 at ([world]-346.96826460573016, 74.0, -342.8691132451162)
[21:39:40] [Server thread/INFO]: [Server] welcome
[21:39:41] [Async Chat Thread - #11/INFO]: <Cobalt> i found my old base
[21:39:43] [Craft Scheduler Thread - 561/INFO]: [AuthMe] The user skibidi_toilet has 21 accounts:
[21:39:43] [Craft Scheduler Thread - 561/INFO]: [AuthMe] jamar_higgs, Cobalt, paxton, yeeryee1142_, skibidi_toilet, leif_, cullen, heny, bodeman115, masonclaus, nate_higgers69_, dying_fetus_porn, d_piddy, nate_higgers, fingermesideways, bodeman115_v2, dodecahedron, dihcrackhw, copper_block, vivy, bodeman1150.
[21:39:43] [Craft Scheduler Thread - 561/INFO]: [AuthMe] skibidi_toilet logged in 0:0:0:0:0:0:0:1%0
[21:41:35] [Server thread/INFO]: skibidi_toilet lost connection: Disconnected
[21:41:35] [Server thread/INFO]: skibidi_toilet left the game
[21:41:39] [User Authenticator #5/INFO]: UUID of player skibidi_toilet is fc9742a0-1735-33aa-aa6c-ca922990afa9
[21:41:39] [Server thread/INFO]: skibidi_toilet[/0:0:0:0:0:0:0:1%0:47372] logged in with entity id 10248 at ([world]-378.19284238401855, 75.0, -427.69999998807907)
[21:41:48] [Craft Scheduler Thread - 576/INFO]: [AuthMe] The user skibidi_toilet has 21 accounts:
[21:41:48] [Craft Scheduler Thread - 576/INFO]: [AuthMe] jamar_higgs, Cobalt, paxton, yeeryee1142_, skibidi_toilet, leif_, cullen, heny, bodeman115, masonclaus, nate_higgers69_, dying_fetus_porn, d_piddy, nate_higgers, fingermesideways, bodeman115_v2, dodecahedron, dihcrackhw, copper_block, vivy, bodeman1150.
[21:41:48] [Craft Scheduler Thread - 576/INFO]: [AuthMe] skibidi_toilet logged in 0:0:0:0:0:0:0:1%0
[21:41:51] [User Authenticator #5/INFO]: UUID of player leif_ is 3751325d-0ee9-3ce7-8116-c5483ea98779
[21:41:51] [Server thread/INFO]: leif_[/0:0:0:0:0:0:0:1%0:51416] logged in with entity id 10285 at ([world]-298.70739890030706, 12.0, -217.3087250963228)
[21:42:05] [Craft Scheduler Thread - 578/INFO]: [AuthMe] The user leif_ has 21 accounts:
[21:42:05] [Craft Scheduler Thread - 578/INFO]: [AuthMe] jamar_higgs, Cobalt, paxton, yeeryee1142_, skibidi_toilet, leif_, cullen, heny, bodeman115, masonclaus, nate_higgers69_, dying_fetus_porn, d_piddy, nate_higgers, fingermesideways, bodeman115_v2, dodecahedron, dihcrackhw, copper_block, vivy, bodeman1150.
[21:42:05] [Craft Scheduler Thread - 578/INFO]: [AuthMe] leif_ logged in 0:0:0:0:0:0:0:1%0
[21:42:09] [Async Chat Thread - #12/INFO]: <leif_> hey yall
[21:42:13] [Async Chat Thread - #12/INFO]: <skibidi_toilet> hi leif
[21:42:13] [Async Chat Thread - #12/INFO]: <Cobalt> hi
[21:42:17] [Server thread/INFO]: [Server] yo
[21:42:28] [Async Chat Thread - #12/INFO]: <leif_> i got 17 diamonds
[21:42:33] [Async Chat Thread - #12/INFO]: <Cobalt> i got 6
[21:42:37] [Async Chat Thread - #12/INFO]: <skibidi_toilet> i think you mean 25
[21:42:46] [Server thread/INFO]: [Server] i got 2
[21:42:54] [Async Chat Thread - #12/INFO]: <leif_> i actuall used thoseto get full diamond
[21:43:16] [Async Chat Thread - #12/INFO]: <leif_> im strip mining rn
[21:45:43] [Async Chat Thread - #13/INFO]: <leif_> can yo make mob farms in 1.12.2?
[21:45:44] [Async Chat Thread - #13/INFO]: <skibidi_toilet> nice
[21:46:49] [Async Chat Thread - #14/INFO]: <skibidi_toilet> im so dumb i just made 2 helmets when i wanted a helmet and boots and i dont have enough diamonds to make boots now
[21:47:03] [Async Chat Thread - #14/INFO]: <leif_> lmao
[21:47:06] [Server thread/INFO]: [Server] BAHAHAHAHAHAHAH
[21:48:06] [Server thread/INFO]: Cobalt has made the advancement [Ice Bucket Challenge]
[21:48:13] [Server thread/INFO]: [Server] waht?
[21:48:25] [Server thread/INFO]: [Server] who namanated you
[21:53:05] [Async Chat Thread - #15/INFO]: <leif_> bode, you should up the difficulty to normal
[21:54:00] [Server thread/INFO]: [Server] it is
[21:54:10] [Async Chat Thread - #16/INFO]: <leif_> no its on easy
[21:54:18] [Server thread/INFO]: [Server] say will suck it up
[21:55:38] [Server thread/INFO]: [Server] somehow i got a server runing on my windows chromebook who how to conect to it tho
[22:04:23] [Server thread/INFO]: skibidi_toilet lost connection: Disconnected
[22:04:23] [Server thread/INFO]: skibidi_toilet left the game
[22:05:51] [Server thread/WARN]: Cobalt moved wrongly!
[22:07:58] [Server thread/INFO]: [Server] dan you still here?
[22:08:01] [Async Chat Thread - #17/INFO]: <Cobalt> yeah
[22:08:12] [Server thread/INFO]: [Server] are you cheating?
[22:08:15] [Async Chat Thread - #17/INFO]: <Cobalt> nah
[22:08:27] [Server thread/INFO]: [Server] well server thinks you are
[22:08:29] [Async Chat Thread - #17/INFO]: <Cobalt> what
[22:08:45] [Server thread/INFO]: [Server] [22:05:51 WARN]: Cobalt moved wrongly!
[22:08:57] [Async Chat Thread - #17/INFO]: <Cobalt> im moving normally
[22:08:59] [Async Chat Thread - #17/INFO]: <Cobalt> huh
[22:09:04] [Server thread/INFO]: [Server] idk
[22:09:07] [Async Chat Thread - #17/INFO]: <Cobalt> T_T
[22:09:34] [Async Chat Thread - #17/INFO]: <Cobalt> i think i found a mineshaft thats connected to 2 mineshafts
[22:09:55] [Server thread/INFO]: [Server] wow
[22:11:34] [Server thread/INFO]: Unknown command. Type "/help" for help.
[22:11:41] [Server thread/INFO]: Unknown command. Type "/help" for help.
[22:12:10] [Async Chat Thread - #18/INFO]: <leif_> yo why is my game lagging so hard
[22:12:33] [Async Chat Thread - #18/INFO]: <leif_> like 2 fps
[22:12:40] [Server thread/INFO]: [Server] chromebook
[22:12:49] [Async Chat Thread - #18/INFO]: <leif_> still
[22:13:00] [Async Chat Thread - #18/INFO]: <leif_> just a spike i guees
[22:13:04] [Async Chat Thread - #18/INFO]: <leif_> back to 60
[22:13:12] [Server thread/INFO]: [Server] if you are loading new chunks it will go sown
[22:13:37] [Server thread/INFO]: Unknown command. Type "/help" for help.
[22:14:37] [Server thread/INFO]: Unknown command. Type "/help" for help.
[22:14:57] [Server thread/INFO]: Unknown command. Type "/help" for help.
[22:15:02] [Server thread/INFO]: Unknown command. Type "/help" for help.
[22:15:05] [Server thread/INFO]: Unknown command. Type "/help" for help.
[22:15:50] [Async Chat Thread - #19/INFO]: <Cobalt> i found a spider spawner
[22:15:56] [Async Chat Thread - #19/INFO]: <Cobalt> and like 13 cave spider spawners
[22:16:12] [Server thread/INFO]: Unknown command. Type "/help" for help.
[22:16:19] [Server thread/INFO]: [Server] server might be laggy for a bit
[22:16:24] [Server thread/INFO]: [Server] sorry
